// Jest Snapshot v1, https://goo.gl/fbAQLP

exports[`App match snapshot 1`] = `
<div
  className="App"
>
  <div
    className="Main"
  >
    <header
      className="Header"
    >
      Let's Order Cookies
    </header>
    <h2
      className="Standard-text"
    >
      It is 
      03:05:05
      .
    </h2>
    <div>
      <h1
        className="Label"
      >
        Ordered: 
        0
         
        boxes
      </h1>
      <div />
      <form
        onSubmit={[Function]}
      >
        <label>
          Name:
          <input
            name="name"
            onChange={[Function]}
            type="text"
            value={undefined}
          />
        </label>
        <label>
          Address:
          <input
            name="address"
            onChange={[Function]}
            type="text"
            value={undefined}
          />
        </label>
        <input
          type="submit"
          value="Submit"
        />
      </form>
      <div>
        <label>
          Apple
          <button
            className="Button"
            onClick={[Function]}
          >
            Order
          </button>
        </label>
        <label>
          Chocolate Chip
          <button
            className="Button"
            onClick={[Function]}
          >
            Order
          </button>
        </label>
        <label>
          Lemon Barley
          <button
            className="Button"
            onClick={[Function]}
          >
            Order
          </button>
        </label>
        <label>
          Oatmeal
          <button
            className="Button"
            onClick={[Function]}
          >
            Order
          </button>
        </label>
      </div>
    </div>
  </div>
  <footer
    className="Footer"
  >
    Â© 
    2018
  </footer>
</div>
`;
